\BOOKMARK [1][-]{section.1}{\376\377\137\025\212\000}{}% 1
\BOOKMARK [1][-]{section.2}{\376\377\166\370\121\163\135\345\117\134}{}% 2
\BOOKMARK [2][-]{subsection.2.1}{\376\377\137\353\220\037\147\103\221\315\116\016\127\372\116\216\000\040\000D\000e\000l\000t\000a\000\040\166\204\176\277\140\047\154\350\141\017\122\233}{section.2}% 3
\BOOKMARK [2][-]{subsection.2.2}{\376\377\213\277\225\356\141\037\167\345\117\335\165\131\116\016\127\050\176\277\133\120\172\172\225\364}{section.2}% 4
\BOOKMARK [1][-]{section.3}{\376\377\225\356\230\230\133\232\116\111}{}% 5
\BOOKMARK [1][-]{section.4}{\376\377\147\345\213\342\123\314\122\250\140\001\000\040\000D\000e\000l\000t\000a}{}% 6
\BOOKMARK [2][-]{subsection.4.1}{\376\377\133\214\145\164\147\345\213\342\160\355\136\246}{section.4}% 7
\BOOKMARK [2][-]{subsection.4.2}{\376\377\117\116\171\351\147\345\213\342\122\250\140\001}{section.4}% 8
\BOOKMARK [2][-]{subsection.4.3}{\376\377\213\373\123\326\232\161\122\250\220\037\163\207\116\016\213\260\137\306\146\364\145\260}{section.4}% 9
\BOOKMARK [2][-]{subsection.4.4}{\376\377\162\266\140\001\221\317\116\016\213\241\173\227\137\000\225\000}{section.4}% 10
\BOOKMARK [1][-]{section.5}{\376\377\133\236\232\214\213\276\213\241}{}% 11
\BOOKMARK [2][-]{subsection.5.1}{\376\377\116\373\122\241\116\016\213\304\117\060\143\007\150\007}{section.5}% 12
\BOOKMARK [3][-]{subsubsection.5.1.1}{\376\377\124\010\142\020\172\172\225\364\127\072}{subsection.5.1}% 13
\BOOKMARK [3][-]{subsubsection.5.1.2}{\376\377\165\061\167\037\133\236\145\160\143\156\147\204\220\040\166\204\123\327\143\247\135\345\117\134\215\037\217\175}{subsection.5.1}% 14
\BOOKMARK [3][-]{subsubsection.5.1.3}{\376\377\000W\000i\000k\000i\000T\000e\000x\000t\000-\0002\000\040\165\131\121\372\213\315\121\103\136\217\122\027}{subsection.5.1}% 15
\BOOKMARK [2][-]{subsection.5.2}{\376\377\127\372\176\277\116\016\133\371\161\147}{section.5}% 16
\BOOKMARK [2][-]{subsection.5.3}{\376\377\220\011\142\351\060\001\221\115\133\371\116\016\133\236\163\260\150\300\147\345}{section.5}% 17
\BOOKMARK [1][-]{section.6}{\376\377\133\236\232\214\176\323\147\234}{}% 18
\BOOKMARK [2][-]{subsection.6.1}{\376\377\226\306\116\055\135\345\117\134\215\037\217\175\116\016\165\131\121\372\136\217\122\027}{section.6}% 19
\BOOKMARK [2][-]{subsection.6.2}{\376\377\145\066\166\312\147\145\156\220}{section.6}% 20
\BOOKMARK [2][-]{subsection.6.3}{\376\377\123\330\123\026\166\204\227\000\154\102}{section.6}% 21
\BOOKMARK [1][-]{section.7}{\376\377\213\250\213\272}{}% 22
\BOOKMARK [2][-]{subsection.7.1}{\376\377\213\276\213\241\211\343\221\312}{section.7}% 23
\BOOKMARK [2][-]{subsection.7.2}{\376\377\136\224\165\050\116\367\120\074\116\016\220\350\177\162\203\003\126\364}{section.7}% 24
\BOOKMARK [1][-]{section.8}{\376\377\176\323\213\272}{}% 25
